// Jest Snapshot v1, https://goo.gl/fbAQLP

exports[`github Saga dispatches the setLoadRepositoriesError action if the request fails 1`] = `
Object {
  "@@redux-saga/IO": true,
  "SELECT": Object {
    "args": Array [],
    "selector": [Function],
  },
}
`;

exports[`github Saga dispatches the setLoadRepositoriesError action if the request fails 2`] = `
Object {
  "@@redux-saga/IO": true,
  "CALL": Object {
    "args": Array [
      "https://api.github.com/users/alexander-elgin/repos?type=all&sort=updated",
    ],
    "context": null,
    "fn": [Function],
  },
}
`;

exports[`github Saga dispatches the setRepositories action if it fetches the repositories data successfully 1`] = `
Object {
  "@@redux-saga/IO": true,
  "SELECT": Object {
    "args": Array [],
    "selector": [Function],
  },
}
`;

exports[`github Saga dispatches the setRepositories action if it fetches the repositories data successfully 2`] = `
Object {
  "@@redux-saga/IO": true,
  "CALL": Object {
    "args": Array [
      "https://api.github.com/users/alexander-elgin/repos?type=all&sort=updated",
    ],
    "context": null,
    "fn": [Function],
  },
}
`;
